Using vendored Bun 1.2.16
:: Juke Build version 0.8.1
=> Starting 'bun'
=> Starting 'dm'
:: Using defines: CBT
bun install v1.2.16 (631e6748)
DM compiler version 516.1668
loading roguetown.dme

Checked 728 installs across 732 packages (no changes) [195.00ms]
=> Finished 'bun' in 0.586s
:: Skipping 'tgui' (up to date)
loading interface/skin.dmf
code\modules\client\preferences.dm:367:error: gnoll_prefs: undefined type: /datum/gnoll_prefs
code\modules\client\preferences.dm:367:error: /datum/gnoll_prefs: undefined type path
code\modules\client\client_procs.dm:199:error: prefs.gnoll_prefs.gnoll_process_link: undefined type: /datum/gnoll_prefs
code\modules\jobs\job_types\roguetown\adventurer\types\antag\gnoll\gnoll_impure.dm:47:error: <expression>.prefs.gnoll_prefs: undefined type: /datum/gnoll_prefs
code\modules\jobs\job_types\roguetown\adventurer\types\antag\gnoll\gnoll_impure.dm:48:error: H.client.prefs.gnoll_prefs: undefined type: /datum/gnoll_prefs
code\modules\jobs\job_types\roguetown\adventurer\types\antag\gnoll\gnoll_impure.dm:49:error: prefs.gnoll_name: undefined type: /datum/gnoll_prefs
code\modules\jobs\job_types\roguetown\adventurer\types\antag\gnoll\gnoll_impure.dm:48:warning (unused_var): prefs: variable defined but not used
code\modules\client\preferences.dm:2386:error: gnoll_prefs.gnoll_show_ui: undefined type: /datum/gnoll_prefs
code\modules\client\preferences_savefile.dm:757:error: gnoll_prefs.gnoll_name: undefined type: /datum/gnoll_prefs
code\modules\client\preferences_savefile.dm:758:error: gnoll_prefs.gnoll_pronouns: undefined type: /datum/gnoll_prefs
code\modules\client\preferences_savefile.dm:759:error: gnoll_prefs.pelt_type: undefined type: /datum/gnoll_prefs
code\modules\client\preferences_savefile.dm:760:error: gnoll_prefs.genitals: undefined type: /datum/gnoll_prefs
code\modules\client\preferences_savefile.dm:761:error: gnoll_prefs.genitals: undefined type: /datum/gnoll_prefs
code\modules\client\preferences_savefile.dm:762:error: gnoll_prefs.genitals: undefined type: /datum/gnoll_prefs
code\modules\client\preferences_savefile.dm:1171:error: gnoll_prefs: undefined type: /datum/gnoll_prefs
code\modules\client\preferences_savefile.dm:1171:error: gnoll_prefs.gnoll_name: undefined var
code\modules\client\preferences_savefile.dm:1172:error: gnoll_prefs: undefined type: /datum/gnoll_prefs
code\modules\client\preferences_savefile.dm:1172:error: gnoll_prefs.gnoll_pronouns: undefined var
code\modules\client\preferences_savefile.dm:1173:error: gnoll_prefs: undefined type: /datum/gnoll_prefs
code\modules\client\preferences_savefile.dm:1173:error: gnoll_prefs.pelt_type: undefined var
code\modules\client\preferences_savefile.dm:1174:error: gnoll_prefs: undefined type: /datum/gnoll_prefs
code\modules\client\preferences_savefile.dm:1174:error: gnoll_prefs.genitals: undefined var
code\modules\client\preferences_savefile.dm:1175:error: gnoll_prefs: undefined type: /datum/gnoll_prefs
code\modules\client\preferences_savefile.dm:1175:error: gnoll_prefs.genitals: undefined var
code\modules\client\preferences_savefile.dm:1176:error: gnoll_prefs: undefined type: /datum/gnoll_prefs
code\modules\client\preferences_savefile.dm:1176:error: gnoll_prefs.genitals: undefined var
code\modules\mob\living\carbon\human\species_types\roguetown\other\gnoll.dm:87:error: <expression>.prefs.gnoll_prefs: undefined type: /datum/gnoll_prefs
code\modules\mob\living\carbon\human\species_types\roguetown\other\gnoll.dm:88:error: H.client.prefs.gnoll_prefs.pelt_type: undefined type: /datum/gnoll_prefs
roguetown.dmb - 27 errors, 1 warning (3/24/26 6:17 pm)
Total time: 0:27
=> Target 'dm' failed in 28.077s, exit code: 255
=> Target 'build' failed
